<!DOCTYPE html>
<html>
<head lang="en">
    <meta charset="UTF-8">
    <title></title>

	<link href="css/style1.css" rel="stylesheet" type="text/css">
	<link href="css/style2.css" rel="stylesheet" type="text/css">
	<link href="css/style3.css" rel="stylesheet" type="text/css">

    <script src="/more/another-script.js"></script>
    <script src="/script1.js"></script>
    <script src="/script2.js"></script>
    <script src="/script3.js"></script>
    <script src="scripts2/script4.js" some-attr="some-value"></script>
    <script src="scripts2/script5.js" some-attr="some-value"></script>
    <script src="scripts2/script6.js" some-attr="some-value"></script>
    <script>
        console.log("inline script should not be touched");
    </script>
</head>
<body>
    <span>&quot;</span>
</body>
</html>